Executing action: all (aliases: build)
Running ninja in directory /Users/gustav/PT1210-ESP32/DJS3-idf-copy/build
Executing "ninja all"...
[1/123] Building C object esp-idf/esp8266audio/CMakeFiles/__idf_esp8266audio.dir/src/libmad/version.c.obj
cc1: warning: command-line option '-std=gnu++17' is valid for C++/ObjC++ but not for C
[2/123] Building C object esp-idf/esp8266audio/CMakeFiles/__idf_esp8266audio.dir/src/libmad/huffman.c.obj
cc1: warning: command-line option '-std=gnu++17' is valid for C++/ObjC++ but not for C
[3/123] Building C object esp-idf/esp8266audio/CMakeFiles/__idf_esp8266audio.dir/src/libmad/decoder.c.obj
cc1: warning: command-line option '-std=gnu++17' is valid for C++/ObjC++ but not for C
[4/123] Building C object esp-idf/esp8266audio/CMakeFiles/__idf_esp8266audio.dir/src/libmad/fixed.c.obj
cc1: warning: command-line option '-std=gnu++17' is valid for C++/ObjC++ but not for C
[5/123] Building C object esp-idf/esp8266audio/CMakeFiles/__idf_esp8266audio.dir/src/libmad/stream.c.obj
cc1: warning: command-line option '-std=gnu++17' is valid for C++/ObjC++ but not for C
[6/123] Building C object esp-idf/esp_lcd/CMakeFiles/__idf_esp_lcd.dir/src/esp_lcd_panel_ops.c.obj
[7/123] Building C object esp-idf/esp8266audio/CMakeFiles/__idf_esp8266audio.dir/src/libmad/frame.c.obj
cc1: warning: command-line option '-std=gnu++17' is valid for C++/ObjC++ but not for C
[8/123] Building CXX object esp-idf/esp8266audio/CMakeFiles/__idf_esp8266audio.dir/src/AudioGeneratorMP3.cpp.obj
FAILED: esp-idf/esp8266audio/CMakeFiles/__idf_esp8266audio.dir/src/AudioGeneratorMP3.cpp.obj 
/Users/gustav/.espressif/tools/xtensa-esp-elf/esp-14.2.0_20251107/xtensa-esp-elf/bin/xtensa-esp32s3-elf-g++ -DESP_PLATFORM -DIDF_VER=\"v5.5.2-dirty\" -DSOC_MMU_PAGE_SIZE=CONFIG_MMU_PAGE_SIZE -DSOC_XTAL_FREQ_MHZ=CONFIG_XTAL_FREQ -D_GLIBCXX_HAVE_POSIX_SEMAPHORE -D_GLIBCXX_USE_POSIX_SEMAPHORE -D_GNU_SOURCE -D_POSIX_READER_WRITER_LOCKS -I/Users/gustav/PT1210-ESP32/DJS3-idf-copy/build/config -I/Users/gustav/PT1210-ESP32/DJS3-idf-copy/components/esp8266audio/include -I/Users/gustav/PT1210-ESP32/DJS3-idf-copy/components/esp8266audio/include/libmad -I/Users/gustav/.espressif/v5.5.2/esp-idf/components/newlib/platform_include -I/Users/gustav/.espressif/v5.5.2/esp-idf/components/freertos/config/include -I/Users/gustav/.espressif/v5.5.2/esp-idf/components/freertos/config/include/freertos -I/Users/gustav/.espressif/v5.5.2/esp-idf/components/freertos/config/xtensa/include -I/Users/gustav/.espressif/v5.5.2/esp-idf/components/freertos/FreeRTOS-Kernel/include -I/Users/gustav/.espressif/v5.5.2/esp-idf/components/freertos/FreeRTOS-Kernel/portable/xtensa/include -I/Users/gustav/.espressif/v5.5.2/esp-idf/components/freertos/FreeRTOS-Kernel/portable/xtensa/include/freertos -I/Users/gustav/.espressif/v5.5.2/esp-idf/components/freertos/esp_additions/include -I/Users/gustav/.espressif/v5.5.2/esp-idf/components/esp_hw_support/include -I/Users/gustav/.espressif/v5.5.2/esp-idf/components/esp_hw_support/include/soc -I/Users/gustav/.espressif/v5.5.2/esp-idf/components/esp_hw_support/include/soc/esp32s3 -I/Users/gustav/.espressif/v5.5.2/esp-idf/components/esp_hw_support/dma/include -I/Users/gustav/.espressif/v5.5.2/esp-idf/components/esp_hw_support/ldo/include -I/Users/gustav/.espressif/v5.5.2/esp-idf/components/esp_hw_support/debug_probe/include -I/Users/gustav/.espressif/v5.5.2/esp-idf/components/esp_hw_support/mspi_timing_tuning/include -I/Users/gustav/.espressif/v5.5.2/esp-idf/components/esp_hw_support/mspi_timing_tuning/tuning_scheme_impl/include -I/Users/gustav/.espressif/v5.5.2/esp-idf/components/esp_hw_support/power_supply/include -I/Users/gustav/.espressif/v5.5.2/esp-idf/components/esp_hw_support/port/esp32s3/. -I/Users/gustav/.espressif/v5.5.2/esp-idf/components/esp_hw_support/port/esp32s3/include -I/Users/gustav/.espressif/v5.5.2/esp-idf/components/esp_hw_support/mspi_timing_tuning/port/esp32s3/. -I/Users/gustav/.espressif/v5.5.2/esp-idf/components/esp_hw_support/mspi_timing_tuning/port/esp32s3/include -I/Users/gustav/.espressif/v5.5.2/esp-idf/components/heap/include -I/Users/gustav/.espressif/v5.5.2/esp-idf/components/heap/tlsf -I/Users/gustav/.espressif/v5.5.2/esp-idf/components/log/include -I/Users/gustav/.espressif/v5.5.2/esp-idf/components/soc/include -I/Users/gustav/.espressif/v5.5.2/esp-idf/components/soc/esp32s3 -I/Users/gustav/.espressif/v5.5.2/esp-idf/components/soc/esp32s3/include -I/Users/gustav/.espressif/v5.5.2/esp-idf/components/soc/esp32s3/register -I/Users/gustav/.espressif/v5.5.2/esp-idf/components/hal/platform_port/include -I/Users/gustav/.espressif/v5.5.2/esp-idf/components/hal/esp32s3/include -I/Users/gustav/.espressif/v5.5.2/esp-idf/components/hal/include -I/Users/gustav/.espressif/v5.5.2/esp-idf/components/esp_rom/include -I/Users/gustav/.espressif/v5.5.2/esp-idf/components/esp_rom/esp32s3/include -I/Users/gustav/.espressif/v5.5.2/esp-idf/components/esp_rom/esp32s3/include/esp32s3 -I/Users/gustav/.espressif/v5.5.2/esp-idf/components/esp_rom/esp32s3 -I/Users/gustav/.espressif/v5.5.2/esp-idf/components/esp_common/include -I/Users/gustav/.espressif/v5.5.2/esp-idf/components/esp_system/include -I/Users/gustav/.espressif/v5.5.2/esp-idf/components/esp_system/port/soc -I/Users/gustav/.espressif/v5.5.2/esp-idf/components/esp_system/port/include/private -I/Users/gustav/.espressif/v5.5.2/esp-idf/components/xtensa/esp32s3/include -I/Users/gustav/.espressif/v5.5.2/esp-idf/components/xtensa/include -I/Users/gustav/.espressif/v5.5.2/esp-idf/components/xtensa/deprecated_include -I/Users/gustav/.espressif/v5.5.2/esp-idf/components/lwip/include -I/Users/gustav/.espressif/v5.5.2/esp-idf/components/lwip/include/apps -I/Users/gustav/.espressif/v5.5.2/esp-idf/components/lwip/include/apps/sntp -I/Users/gustav/.espressif/v5.5.2/esp-idf/components/lwip/lwip/src/include -I/Users/gustav/.espressif/v5.5.2/esp-idf/components/lwip/port/include -I/Users/gustav/.espressif/v5.5.2/esp-idf/components/lwip/port/freertos/include -I/Users/gustav/.espressif/v5.5.2/esp-idf/components/lwip/port/esp32xx/include -I/Users/gustav/.espressif/v5.5.2/esp-idf/components/lwip/port/esp32xx/include/arch -I/Users/gustav/.espressif/v5.5.2/esp-idf/components/lwip/port/esp32xx/include/sys -I/Users/gustav/.espressif/v5.5.2/esp-idf/components/driver/deprecated -I/Users/gustav/.espressif/v5.5.2/esp-idf/components/driver/i2c/include -I/Users/gustav/.espressif/v5.5.2/esp-idf/components/driver/touch_sensor/include -I/Users/gustav/.espressif/v5.5.2/esp-idf/components/driver/twai/include -I/Users/gustav/.espressif/v5.5.2/esp-idf/components/driver/touch_sensor/esp32s3/include -I/Users/gustav/.espressif/v5.5.2/esp-idf/components/esp_pm/include -I/Users/gustav/.espressif/v5.5.2/esp-idf/components/esp_ringbuf/include -I/Users/gustav/.espressif/v5.5.2/esp-idf/components/esp_driver_gpio/include -I/Users/gustav/.espressif/v5.5.2/esp-idf/components/esp_driver_pcnt/include -I/Users/gustav/.espressif/v5.5.2/esp-idf/components/esp_driver_gptimer/include -I/Users/gustav/.espressif/v5.5.2/esp-idf/components/esp_driver_spi/include -I/Users/gustav/.espressif/v5.5.2/esp-idf/components/esp_driver_mcpwm/include -I/Users/gustav/.espressif/v5.5.2/esp-idf/components/esp_driver_ana_cmpr/include -I/Users/gustav/.espressif/v5.5.2/esp-idf/components/esp_driver_i2s/include -I/Users/gustav/.espressif/v5.5.2/esp-idf/components/esp_driver_sdmmc/include -I/Users/gustav/.espressif/v5.5.2/esp-idf/components/sdmmc/include -I/Users/gustav/.espressif/v5.5.2/esp-idf/components/esp_driver_sdspi/include -I/Users/gustav/.espressif/v5.5.2/esp-idf/components/esp_driver_sdio/include -I/Users/gustav/.espressif/v5.5.2/esp-idf/components/esp_driver_dac/include -I/Users/gustav/.espressif/v5.5.2/esp-idf/components/esp_driver_rmt/include -I/Users/gustav/.espressif/v5.5.2/esp-idf/components/esp_driver_tsens/include -I/Users/gustav/.espressif/v5.5.2/esp-idf/components/esp_driver_sdm/include -I/Users/gustav/.espressif/v5.5.2/esp-idf/components/esp_driver_i2c/include -I/Users/gustav/.espressif/v5.5.2/esp-idf/components/esp_driver_uart/include -I/Users/gustav/.espressif/v5.5.2/esp-idf/components/vfs/include -I/Users/gustav/.espressif/v5.5.2/esp-idf/components/esp_driver_ledc/include -I/Users/gustav/.espressif/v5.5.2/esp-idf/components/esp_driver_parlio/include -I/Users/gustav/.espressif/v5.5.2/esp-idf/components/esp_driver_usb_serial_jtag/include -I/Users/gustav/.espressif/v5.5.2/esp-idf/components/esp_driver_twai/include -I/Users/gustav/.espressif/v5.5.2/esp-idf/components/fatfs/diskio -I/Users/gustav/.espressif/v5.5.2/esp-idf/components/fatfs/src -I/Users/gustav/.espressif/v5.5.2/esp-idf/components/fatfs/vfs -I/Users/gustav/.espressif/v5.5.2/esp-idf/components/wear_levelling/include -I/Users/gustav/.espressif/v5.5.2/esp-idf/components/esp_partition/include -mlongcalls  -fno-builtin-memcpy -fno-builtin-memset -fno-builtin-bzero -fno-builtin-stpcpy -fno-builtin-strncpy -O3 -DNDEBUG -fdiagnostics-color=always -ffunction-sections -fdata-sections -Wall -Werror=all -Wno-error=unused-function -Wno-error=unused-variable -Wno-error=unused-but-set-variable -Wno-error=deprecated-declarations -Wextra -Wno-error=extra -Wno-unused-parameter -Wno-sign-compare -Wno-enum-conversion -gdwarf-4 -ggdb -mdisable-hardware-atomics -Os -freorder-blocks -fmacro-prefix-map=/Users/gustav/PT1210-ESP32/DJS3-idf-copy=. -fmacro-prefix-map=/Users/gustav/.espressif/v5.5.2/esp-idf=/IDF -fstrict-volatile-bitfields -fno-jump-tables -fno-tree-switch-conversion -std=gnu++2b -fno-exceptions -fno-rtti -fuse-cxa-atexit -std=gnu++17 -mfix-esp32-psram-cache-issue -MD -MT esp-idf/esp8266audio/CMakeFiles/__idf_esp8266audio.dir/src/AudioGeneratorMP3.cpp.obj -MF esp-idf/esp8266audio/CMakeFiles/__idf_esp8266audio.dir/src/AudioGeneratorMP3.cpp.obj.d -o esp-idf/esp8266audio/CMakeFiles/__idf_esp8266audio.dir/src/AudioGeneratorMP3.cpp.obj -c /Users/gustav/PT1210-ESP32/DJS3-idf-copy/components/esp8266audio/src/AudioGeneratorMP3.cpp
In file included from /Users/gustav/PT1210-ESP32/DJS3-idf-copy/components/esp8266audio/src/AudioGeneratorMP3.cpp:3:
/Users/gustav/PT1210-ESP32/DJS3-idf-copy/components/esp8266audio/src/libmad/config.h:13:1: error: declaration does not declare anything [-fpermissive]
   13 | void stackenter(const char *s, const char *t, int i);
      | ^~~~
/Users/gustav/PT1210-ESP32/DJS3-idf-copy/components/esp8266audio/src/AudioGeneratorMP3.cpp:370:58: error: expected unqualified-id before '{' token
  370 |     void stackenter(const char *s, const char *t, int i) {
      |                                                          ^
[9/123] Building C object esp-idf/esp_lcd/CMakeFiles/__idf_esp_lcd.dir/i2c/esp_lcd_panel_io_i2c_v2.c.obj
[10/123] Building C object esp-idf/esp8266audio/CMakeFiles/__idf_esp8266audio.dir/src/libmad/bit.c.obj
cc1: warning: command-line option '-std=gnu++17' is valid for C++/ObjC++ but not for C
[11/123] Building C object esp-idf/esp_lcd/CMakeFiles/__idf_esp_lcd.dir/i2c/esp_lcd_panel_io_i2c_v1.c.obj
[12/123] Linking C static library esp-idf/protocomm/libprotocomm.a
[13/123] Building C object esp-idf/esp8266audio/CMakeFiles/__idf_esp8266audio.dir/src/libmad/timer.c.obj
cc1: warning: command-line option '-std=gnu++17' is valid for C++/ObjC++ but not for C
[14/123] Building C object esp-idf/esp_lcd/CMakeFiles/__idf_esp_lcd.dir/spi/esp_lcd_panel_io_spi.c.obj
[15/123] Building C object esp-idf/esp_local_ctrl/CMakeFiles/__idf_esp_local_ctrl.dir/src/esp_local_ctrl_handler.c.obj
[16/123] Building C object esp-idf/esp_local_ctrl/CMakeFiles/__idf_esp_local_ctrl.dir/src/esp_local_ctrl.c.obj
[17/123] Building C object esp-idf/esp_lcd/CMakeFiles/__idf_esp_lcd.dir/i80/esp_lcd_panel_io_i80.c.obj
[18/123] Building C object esp-idf/esp8266audio/CMakeFiles/__idf_esp8266audio.dir/src/libmad/synth.c.obj
cc1: warning: command-line option '-std=gnu++17' is valid for C++/ObjC++ but not for C
[19/123] Building C object esp-idf/esp_lcd/CMakeFiles/__idf_esp_lcd.dir/rgb/esp_lcd_panel_rgb.c.obj
[20/123] Building C object esp-idf/esp8266audio/CMakeFiles/__idf_esp8266audio.dir/src/libmad/layer3.c.obj
cc1: warning: command-line option '-std=gnu++17' is valid for C++/ObjC++ but not for C
ninja: build stopped: subcommand failed.
ninja failed with exit code 1, output of the command is in the /Users/gustav/PT1210-ESP32/DJS3-idf-copy/build/log/idf_py_stderr_output_27020 and /Users/gustav/PT1210-ESP32/DJS3-idf-copy/build/log/idf_py_stdout_output_27020
